2018-11-24 16:26:34.449 [main] INFO  com.sgic.automation.demo.util.Log >> ********************************************
2018-11-24 16:26:34.459 [main] INFO  com.sgic.automation.demo.util.Log >> ************** Start Test Case *************
2018-11-24 16:26:34.459 [main] INFO  com.sgic.automation.demo.util.Log >> ********************************************
2018-11-24 16:26:34.742 [main] INFO  com.sgic.automation.demo.test.LoginTest >> ********* Entered username **********
2018-11-24 16:26:34.932 [main] INFO  com.sgic.automation.demo.test.LoginTest >> ********* Entered password **********
2018-11-24 16:26:37.248 [main] INFO  com.sgic.automation.demo.test.LoginTest >> ********* Login button clicked **********
2018-11-24 16:26:40.339 [main] ERROR com.sgic.automation.demo.test.LoginTest >> Failed to find mesasge. 
Screenshot file: 2018-11-24_16:26:40.jpg
2018-11-24 16:26:41.438 [main] INFO  com.sgic.automation.demo.util.Log >> ********************************************
2018-11-24 16:26:41.438 [main] INFO  com.sgic.automation.demo.util.Log >> ************** End Test Case *************
2018-11-24 16:26:41.438 [main] INFO  com.sgic.automation.demo.util.Log >> ********************************************
2018-11-24 16:26:41.795 [main] INFO  com.sgic.automation.demo.util.Log >> ********************************************
2018-11-24 16:26:41.795 [main] INFO  com.sgic.automation.demo.util.Log >> ************** Start Test Case *************
2018-11-24 16:26:41.795 [main] INFO  com.sgic.automation.demo.util.Log >> ********************************************
2018-11-24 16:26:41.940 [main] INFO  com.sgic.automation.demo.test.LoginTest >> ********* Entered username **********
2018-11-24 16:26:42.038 [main] INFO  com.sgic.automation.demo.test.LoginTest >> ********* Entered password **********
2018-11-24 16:26:43.527 [main] INFO  com.sgic.automation.demo.test.LoginTest >> ********* Login button clicked **********
2018-11-24 16:26:47.179 [main] ERROR com.sgic.automation.demo.test.LoginTest >> Failed to find mesasge. 
Screenshot file: 2018-11-24_16:26:46.jpg
2018-11-24 16:26:48.212 [main] INFO  com.sgic.automation.demo.util.Log >> ********************************************
2018-11-24 16:26:48.212 [main] INFO  com.sgic.automation.demo.util.Log >> ************** End Test Case *************
2018-11-24 16:26:48.213 [main] INFO  com.sgic.automation.demo.util.Log >> ********************************************
2018-11-24 16:26:48.575 [main] INFO  com.sgic.automation.demo.util.Log >> ********************************************
2018-11-24 16:26:48.575 [main] INFO  com.sgic.automation.demo.util.Log >> ************** Start Test Case *************
2018-11-24 16:26:48.575 [main] INFO  com.sgic.automation.demo.util.Log >> ********************************************
2018-11-24 16:26:48.854 [main] INFO  com.sgic.automation.demo.test.LoginTest >> ********* Entered username **********
2018-11-24 16:26:49.052 [main] INFO  com.sgic.automation.demo.test.LoginTest >> ********* Entered password **********
2018-11-24 16:26:50.512 [main] INFO  com.sgic.automation.demo.test.LoginTest >> ********* Login button clicked **********
2018-11-24 16:26:51.701 [main] INFO  com.sgic.automation.demo.util.Log >> ********************************************
2018-11-24 16:26:51.701 [main] INFO  com.sgic.automation.demo.util.Log >> ************** Start Test Case *************
2018-11-24 16:26:51.702 [main] INFO  com.sgic.automation.demo.util.Log >> ********************************************
2018-11-24 16:26:51.979 [main] INFO  com.sgic.automation.demo.test.LoginTest >> ********* Entered username **********
2018-11-24 16:26:52.167 [main] INFO  com.sgic.automation.demo.test.LoginTest >> ********* Entered password **********
2018-11-24 16:26:52.916 [main] INFO  com.sgic.automation.demo.test.LoginTest >> ********* Login button clicked **********
